// Jest Snapshot v1, https://goo.gl/fbAQLP

exports[`Board snapshot Check the Board Snapshot 1`] = `
<div>
  <div
    class="sc-AxjAm hZacsw"
  />
</div>
`;
